// Jest Snapshot v1, https://goo.gl/fbAQLP

exports[`Wallet with BCH balances and tokens 1`] = `null`;

exports[`Wallet with BCH balances and tokens and state field 1`] = `
<div
  className="sc-gPEVay dOhwxg"
>
  <div
    className="sc-csuQGl fFnofI"
  >
    6.001000000
     
    TBS
  </div>
  <div
    className="ant-row"
    style={Object {}}
    type="flex"
  >
    <div
      className="ant-col ant-col-24"
      style={Object {}}
    >
      <form
        className="ant-form ant-form-horizontal"
        onReset={[Function]}
        onSubmit={[Function]}
        style={
          Object {
            "width": "auto",
          }
        }
      >
        <div
          className="sc-eHgmQL jlnegu"
        >
          <div
            className="ant-form-item ant-form-item-with-help"
            style={
              Object {
                "marginBottom": "0px",
              }
            }
          >
            <div
              className="ant-row ant-form-item-row"
              style={Object {}}
            >
              <div
                className="ant-col ant-form-item-control"
                style={Object {}}
              >
                <div
                  className="ant-form-item-control-input"
                >
                  <div
                    className="ant-form-item-control-input-content"
                  >
                    <span
                      className="ant-input-group-wrapper"
                    >
                      <span
                        className="ant-input-wrapper ant-input-group"
                      >
                        <span
                          className="ant-input-affix-wrapper"
                          hidden={null}
                          onClick={[Function]}
                          style={null}
                        >
                          <span
                            className="ant-input-prefix"
                          >
                            <span
                              aria-label="wallet"
                              className="anticon anticon-wallet sc-bxivhb iBBRHU"
                              role="img"
                            >
                              <svg
                                aria-hidden="true"
                                data-icon="wallet"
                                fill="currentColor"
                                focusable="false"
                                height="1em"
                                viewBox="64 64 896 896"
                                width="1em"
                              >
                                <path
                                  d="M880 112H144c-17.7 0-32 14.3-32 32v736c0 17.7 14.3 32 32 32h736c17.7 0 32-14.3 32-32V144c0-17.7-14.3-32-32-32zm-40 464H528V448h312v128zm0 264H184V184h656v200H496c-17.7 0-32 14.3-32 32v192c0 17.7 14.3 32 32 32h344v200zM580 512a40 40 0 1080 0 40 40 0 10-80 0z"
                                />
                              </svg>
                            </span>
                          </span>
                          <input
                            autoComplete="off"
                            className="ant-input"
                            hidden={null}
                            name="address"
                            onBlur={[Function]}
                            onChange={[Function]}
                            onFocus={[Function]}
                            onKeyDown={[Function]}
                            placeholder="Address"
                            required={true}
                            style={null}
                            type="text"
                            value=""
                          />
                        </span>
                        <span
                          className="ant-input-group-addon"
                        >
                          <span
                            className="sc-kkGfuU cRGTNd"
                            onClick={[Function]}
                          >
                            <span
                              aria-label="qrcode"
                              className="anticon anticon-qrcode sc-ifAKCX jqgRJL"
                              role="img"
                            >
                              <svg
                                aria-hidden="true"
                                data-icon="qrcode"
                                fill="currentColor"
                                focusable="false"
                                height="1em"
                                viewBox="64 64 896 896"
                                width="1em"
                              >
                                <path
                                  d="M468 128H160c-17.7 0-32 14.3-32 32v308c0 4.4 3.6 8 8 8h332c4.4 0 8-3.6 8-8V136c0-4.4-3.6-8-8-8zm-56 284H192V192h220v220zm-138-74h56c4.4 0 8-3.6 8-8v-56c0-4.4-3.6-8-8-8h-56c-4.4 0-8 3.6-8 8v56c0 4.4 3.6 8 8 8zm194 210H136c-4.4 0-8 3.6-8 8v308c0 17.7 14.3 32 32 32h308c4.4 0 8-3.6 8-8V556c0-4.4-3.6-8-8-8zm-56 284H192V612h220v220zm-138-74h56c4.4 0 8-3.6 8-8v-56c0-4.4-3.6-8-8-8h-56c-4.4 0-8 3.6-8 8v56c0 4.4 3.6 8 8 8zm590-630H556c-4.4 0-8 3.6-8 8v332c0 4.4 3.6 8 8 8h332c4.4 0 8-3.6 8-8V160c0-17.7-14.3-32-32-32zm-32 284H612V192h220v220zm-138-74h56c4.4 0 8-3.6 8-8v-56c0-4.4-3.6-8-8-8h-56c-4.4 0-8 3.6-8 8v56c0 4.4 3.6 8 8 8zm194 210h-48c-4.4 0-8 3.6-8 8v134h-78V556c0-4.4-3.6-8-8-8H556c-4.4 0-8 3.6-8 8v332c0 4.4 3.6 8 8 8h48c4.4 0 8-3.6 8-8V644h78v102c0 4.4 3.6 8 8 8h190c4.4 0 8-3.6 8-8V556c0-4.4-3.6-8-8-8zM746 832h-48c-4.4 0-8 3.6-8 8v48c0 4.4 3.6 8 8 8h48c4.4 0 8-3.6 8-8v-48c0-4.4-3.6-8-8-8zm142 0h-48c-4.4 0-8 3.6-8 8v48c0 4.4 3.6 8 8 8h48c4.4 0 8-3.6 8-8v-48c0-4.4-3.6-8-8-8z"
                                />
                              </svg>
                            </span>
                          </span>
                        </span>
                      </span>
                    </span>
                  </div>
                </div>
              </div>
            </div>
          </div>
        </div>
        <div
          className="sc-eqIVtm khwohh"
        >
          <a
            className="sc-jDwBTQ dGROed"
            href="https://explorer.e.cash/address/false"
            rel="noreferrer"
            target="_blank"
          />
        </div>
        <br />
        <div
          className="sc-eHgmQL jlnegu"
        >
          <div
            className="ant-form-item ant-form-item-with-help"
          >
            <div
              className="ant-row ant-form-item-row"
              style={Object {}}
            >
              <div
                className="ant-col ant-form-item-control"
                style={Object {}}
              >
                <div
                  className="ant-form-item-control-input"
                >
                  <div
                    className="ant-form-item-control-input-content"
                  >
                    <span
                      className="ant-input-group-wrapper"
                    >
                      <span
                        className="ant-input-wrapper ant-input-group"
                      >
                        <span
                          className="ant-input-affix-wrapper"
                          hidden={null}
                          onClick={[Function]}
                          style={null}
                        >
                          <span
                            className="ant-input-prefix"
                          />
                          <input
                            className="ant-input"
                            hidden={null}
                            name="value"
                            onBlur={[Function]}
                            onChange={[Function]}
                            onFocus={[Function]}
                            onKeyDown={[Function]}
                            onWheel={[Function]}
                            placeholder="Amount"
                            required={true}
                            step={1e-9}
                            style={null}
                            type="number"
                            value=""
                          />
                          <span
                            className="ant-input-suffix"
                          >
                            TBS
                          </span>
                        </span>
                        <span
                          className="ant-input-group-addon"
                        >
                          <span
                            className="sc-cvbbAY losWJH"
                            disabled={false}
                            onClick={[Function]}
                          >
                            max
                          </span>
                        </span>
                      </span>
                    </span>
                  </div>
                </div>
              </div>
            </div>
          </div>
        </div>
        <div
          style={
            Object {
              "paddingTop": "12px",
            }
          }
        >
          <button
            className="sc-jKJlTe jWeghZ"
            onClick={[Function]}
          >
            Send 
            TestBits
          </button>
        </div>
      </form>
    </div>
  </div>
</div>
`;

exports[`Without wallet defined 1`] = `null`;
