// Jest Snapshot v1, https://goo.gl/fbAQLP @generated

exports[`Wallet with BCH balances 1`] = `
Array [
  <div
    className="sc-Rmtcm bkNomx"
  >
    <div
      className="sc-kgAjT iIETrE"
    >
      <h4
        className="sc-cJSrbW gMowOX"
      >
        MigrationTestAlpha
      </h4>
      <a
        href="/configure"
        onClick={[Function]}
      >
        <svg
          className="sc-jTzLTM bTdWCF"
        >
          edit.svg
        </svg>
      </a>
      <div>
         
        <button
          aria-checked={false}
          className="ant-switch ant-switch-small"
          onClick={[Function]}
          onKeyDown={[Function]}
          onMouseEnter={[Function]}
          onMouseLeave={[Function]}
          role="switch"
          type="button"
        >
          <div
            className="ant-switch-handle"
          />
          <span
            className="ant-switch-inner"
          >
            <svg
              className="sc-kAzzGY fUTkYj"
            >
              eye-invisible.svg
            </svg>
          </span>
        </button>
      </div>
    </div>
    <div
      className="sc-hzDkRC kfpqXQ"
    >
      <span
        className="sc-kjoXOD fEWcWg"
      >
         
        0
         
        XEC
         
      </span>
    </div>
  </div>,
  <div
    className="sc-gipzik cfOthW"
  >
    <div
      className="sc-gisBJw hfDtmk"
    >
      <h3>
        Create a Token
      </h3>
    </div>
    <p
      className="sc-dVhcbM bLsPkn"
    >
      You need at least
       
      5.5
       
      XEC
       (
      $
      NaN
       
      USD
      ) to create a token
    </p>
  </div>,
]
`;

exports[`Wallet with BCH balances and tokens 1`] = `
Array [
  <div
    className="sc-Rmtcm bkNomx"
  >
    <div
      className="sc-kgAjT iIETrE"
    >
      <h4
        className="sc-cJSrbW gMowOX"
      >
        MigrationTestAlpha
      </h4>
      <a
        href="/configure"
        onClick={[Function]}
      >
        <svg
          className="sc-jTzLTM bTdWCF"
        >
          edit.svg
        </svg>
      </a>
      <div>
         
        <button
          aria-checked={false}
          className="ant-switch ant-switch-small"
          onClick={[Function]}
          onKeyDown={[Function]}
          onMouseEnter={[Function]}
          onMouseLeave={[Function]}
          role="switch"
          type="button"
        >
          <div
            className="ant-switch-handle"
          />
          <span
            className="ant-switch-inner"
          >
            <svg
              className="sc-kAzzGY fUTkYj"
            >
              eye-invisible.svg
            </svg>
          </span>
        </button>
      </div>
    </div>
    <div
      className="sc-hzDkRC kfpqXQ"
    >
      <span
        className="sc-kjoXOD fEWcWg"
      >
         
        0
         
        XEC
         
      </span>
    </div>
  </div>,
  <div
    className="sc-gipzik cfOthW"
  >
    <div
      className="sc-gisBJw hfDtmk"
    >
      <h3>
        Create a Token
      </h3>
    </div>
    <p
      className="sc-dVhcbM bLsPkn"
    >
      You need at least
       
      5.5
       
      XEC
       (
      $
      NaN
       
      USD
      ) to create a token
    </p>
  </div>,
]
`;

exports[`Wallet with BCH balances and tokens and state field 1`] = `
Array [
  <div
    className="sc-Rmtcm bkNomx"
  >
    <div
      className="sc-kgAjT iIETrE"
    >
      <h4
        className="sc-cJSrbW gMowOX"
      >
        MigrationTestAlpha
      </h4>
      <a
        href="/configure"
        onClick={[Function]}
      >
        <svg
          className="sc-jTzLTM bTdWCF"
        >
          edit.svg
        </svg>
      </a>
      <div>
         
        <button
          aria-checked={false}
          className="ant-switch ant-switch-small"
          onClick={[Function]}
          onKeyDown={[Function]}
          onMouseEnter={[Function]}
          onMouseLeave={[Function]}
          role="switch"
          type="button"
        >
          <div
            className="ant-switch-handle"
          />
          <span
            className="ant-switch-inner"
          >
            <svg
              className="sc-kAzzGY fUTkYj"
            >
              eye-invisible.svg
            </svg>
          </span>
        </button>
      </div>
    </div>
    <div
      className="sc-hzDkRC kfpqXQ"
    >
      <span
        className="sc-kjoXOD fEWcWg"
      >
         
        0.06
         
        XEC
         
      </span>
    </div>
  </div>,
  <div
    className="sc-gipzik cfOthW"
  >
    <div
      className="sc-gisBJw hfDtmk"
    >
      <h3>
        Create a Token
      </h3>
      <div
        className="sc-kEYyzF bWkEuo"
      >
        <form
          className="ant-form ant-form-horizontal ant-form-small"
          onReset={[Function]}
          onSubmit={[Function]}
          style={
            Object {
              "width": "auto",
            }
          }
        >
          <label
            className="sc-csuQGl eweHsc"
          >
            Token Name
          </label>
          <div
            className="ant-form-item ant-form-item-with-help"
          >
            <div
              className="ant-row ant-form-item-row"
              style={Object {}}
            >
              <div
                className="ant-col ant-form-item-control"
                style={Object {}}
              >
                <div
                  className="ant-form-item-control-input"
                >
                  <div
                    className="ant-form-item-control-input-content"
                  >
                    <input
                      className="ant-input ant-input-sm"
                      name="newTokenName"
                      onBlur={[Function]}
                      onChange={[Function]}
                      onFocus={[Function]}
                      onKeyDown={[Function]}
                      placeholder="Enter a name for your token"
                      type="text"
                      value=""
                    />
                  </div>
                </div>
              </div>
            </div>
          </div>
          <label
            className="sc-csuQGl eweHsc"
          >
            Ticker
          </label>
          <div
            className="ant-form-item ant-form-item-with-help"
          >
            <div
              className="ant-row ant-form-item-row"
              style={Object {}}
            >
              <div
                className="ant-col ant-form-item-control"
                style={Object {}}
              >
                <div
                  className="ant-form-item-control-input"
                >
                  <div
                    className="ant-form-item-control-input-content"
                  >
                    <input
                      className="ant-input ant-input-sm"
                      name="newTokenTicker"
                      onBlur={[Function]}
                      onChange={[Function]}
                      onFocus={[Function]}
                      onKeyDown={[Function]}
                      placeholder="Enter a ticker for your token"
                      type="text"
                      value=""
                    />
                  </div>
                </div>
              </div>
            </div>
          </div>
          <label
            className="sc-csuQGl eweHsc"
          >
            Decimals
          </label>
          <div
            className="ant-form-item ant-form-item-with-help"
          >
            <div
              className="ant-row ant-form-item-row"
              style={Object {}}
            >
              <div
                className="ant-col ant-form-item-control"
                style={Object {}}
              >
                <div
                  className="ant-form-item-control-input"
                >
                  <div
                    className="ant-form-item-control-input-content"
                  >
                    <input
                      className="ant-input ant-input-sm"
                      name="newTokenDecimals"
                      onBlur={[Function]}
                      onChange={[Function]}
                      onFocus={[Function]}
                      onKeyDown={[Function]}
                      placeholder="Enter number of decimal places"
                      type="number"
                      value="0"
                    />
                  </div>
                </div>
              </div>
            </div>
          </div>
          <label
            className="sc-csuQGl eweHsc"
          >
            Supply
          </label>
          <div
            className="ant-form-item ant-form-item-with-help"
          >
            <div
              className="ant-row ant-form-item-row"
              style={Object {}}
            >
              <div
                className="ant-col ant-form-item-control"
                style={Object {}}
              >
                <div
                  className="ant-form-item-control-input"
                >
                  <div
                    className="ant-form-item-control-input-content"
                  >
                    <input
                      className="ant-input ant-input-sm"
                      name="newTokenInitialQty"
                      onBlur={[Function]}
                      onChange={[Function]}
                      onFocus={[Function]}
                      onKeyDown={[Function]}
                      placeholder="Enter the fixed supply of your token"
                      type="number"
                      value=""
                    />
                  </div>
                </div>
              </div>
            </div>
          </div>
          <label
            className="sc-csuQGl eweHsc"
          >
            Document URL
          </label>
          <div
            className="ant-form-item ant-form-item-with-help"
          >
            <div
              className="ant-row ant-form-item-row"
              style={Object {}}
            >
              <div
                className="ant-col ant-form-item-control"
                style={Object {}}
              >
                <div
                  className="ant-form-item-control-input"
                >
                  <div
                    className="ant-form-item-control-input-content"
                  >
                    <input
                      className="ant-input ant-input-sm"
                      name="newTokenDocumentUrl"
                      onBlur={[Function]}
                      onChange={[Function]}
                      onFocus={[Function]}
                      onKeyDown={[Function]}
                      placeholder="Enter a website for your token"
                      type="text"
                      value=""
                    />
                  </div>
                </div>
              </div>
            </div>
          </div>
          <label
            className="sc-csuQGl eweHsc"
          >
            Add Image
          </label>
          <div
            className="ant-form-item"
          >
            <div
              className="ant-row ant-form-item-row"
              style={Object {}}
            >
              <div
                className="ant-col ant-form-item-control"
                style={Object {}}
              >
                <div
                  className="ant-form-item-control-input"
                >
                  <div
                    className="ant-form-item-control-input-content"
                  >
                    <span>
                      <div
                        className="ant-upload ant-upload-drag"
                        onDragLeave={[Function]}
                        onDragOver={[Function]}
                        onDrop={[Function]}
                        style={
                          Object {
                            "backgroundColor": "#f4f4f4",
                            "height": undefined,
                          }
                        }
                      >
                        <span
                          className="ant-upload ant-upload-btn"
                          onClick={[Function]}
                          onDragOver={[Function]}
                          onDrop={[Function]}
                          onKeyDown={[Function]}
                          role="button"
                          tabIndex="0"
                        >
                          <input
                            accept=""
                            multiple={false}
                            onChange={[Function]}
                            onClick={[Function]}
                            style={
                              Object {
                                "display": "none",
                              }
                            }
                            type="file"
                          />
                          <div
                            className="ant-upload-drag-container"
                          >
                             
                            <span
                              aria-label="upload"
                              className="anticon anticon-upload"
                              role="img"
                            >
                              <svg
                                aria-hidden="true"
                                data-icon="upload"
                                fill="currentColor"
                                focusable="false"
                                height="1em"
                                viewBox="64 64 896 896"
                                width="1em"
                              >
                                <path
                                  d="M400 317.7h73.9V656c0 4.4 3.6 8 8 8h60c4.4 0 8-3.6 8-8V317.7H624c6.7 0 10.4-7.7 6.3-12.9L518.3 163a8 8 0 00-12.6 0l-112 141.7c-4.1 5.3-.4 13 6.3 13zM878 626h-60c-4.4 0-8 3.6-8 8v154H214V634c0-4.4-3.6-8-8-8h-60c-4.4 0-8 3.6-8 8v198c0 17.7 14.3 32 32 32h684c17.7 0 32-14.3 32-32V634c0-4.4-3.6-8-8-8z"
                                />
                              </svg>
                            </span>
                            <p>
                              Click, or drag file to this area to upload
                            </p>
                            <p
                              style={
                                Object {
                                  "fontSize": "12px",
                                }
                              }
                            >
                              Only jpg or png accepted
                            </p>
                          </div>
                        </span>
                      </div>
                      <div
                        className="ant-upload-list ant-upload-list-text"
                      />
                    </span>
                    
                  </div>
                </div>
              </div>
            </div>
          </div>
        </form>
      </div>
      <button
        className="sc-jDwBTQ hqDRdp"
        disabled={true}
        onClick={[Function]}
        style={
          Object {
            "marginTop": "30px",
          }
        }
      >
        <span
          aria-label="plus-square"
          className="anticon anticon-plus-square"
          role="img"
        >
          <svg
            aria-hidden="true"
            data-icon="plus-square"
            fill="currentColor"
            focusable="false"
            height="1em"
            viewBox="64 64 896 896"
            width="1em"
          >
            <path
              d="M328 544h152v152c0 4.4 3.6 8 8 8h48c4.4 0 8-3.6 8-8V544h152c4.4 0 8-3.6 8-8v-48c0-4.4-3.6-8-8-8H544V328c0-4.4-3.6-8-8-8h-48c-4.4 0-8 3.6-8 8v152H328c-4.4 0-8 3.6-8 8v48c0 4.4 3.6 8 8 8z"
            />
            <path
              d="M880 112H144c-17.7 0-32 14.3-32 32v736c0 17.7 14.3 32 32 32h736c17.7 0 32-14.3 32-32V144c0-17.7-14.3-32-32-32zm-40 728H184V184h656v656z"
            />
          </svg>
        </span>
         Create eToken
      </button>
    </div>
  </div>,
]
`;

exports[`Wallet without BCH balance 1`] = `
Array [
  <div
    className="sc-Rmtcm bkNomx"
  >
    <div
      className="sc-kgAjT iIETrE"
    >
      <h4
        className="sc-cJSrbW gMowOX"
      >
        MigrationTestAlpha
      </h4>
      <a
        href="/configure"
        onClick={[Function]}
      >
        <svg
          className="sc-jTzLTM bTdWCF"
        >
          edit.svg
        </svg>
      </a>
      <div>
         
        <button
          aria-checked={false}
          className="ant-switch ant-switch-small"
          onClick={[Function]}
          onKeyDown={[Function]}
          onMouseEnter={[Function]}
          onMouseLeave={[Function]}
          role="switch"
          type="button"
        >
          <div
            className="ant-switch-handle"
          />
          <span
            className="ant-switch-inner"
          >
            <svg
              className="sc-kAzzGY fUTkYj"
            >
              eye-invisible.svg
            </svg>
          </span>
        </button>
      </div>
    </div>
    <div
      className="sc-hzDkRC kfpqXQ"
    >
      <span
        className="sc-kjoXOD fEWcWg"
      >
         
        0
         
        XEC
         
      </span>
    </div>
  </div>,
  <div
    className="sc-gipzik cfOthW"
  >
    <div
      className="sc-gisBJw hfDtmk"
    >
      <h3>
        Create a Token
      </h3>
    </div>
    <p
      className="sc-dVhcbM bLsPkn"
    >
      You need at least
       
      5.5
       
      XEC
       (
      $
      NaN
       
      USD
      ) to create a token
    </p>
  </div>,
]
`;

exports[`Without wallet defined 1`] = `
Array [
  <div
    className="sc-Rmtcm bkNomx"
  >
    <div
      className="sc-kgAjT iIETrE"
    >
      <a
        href="/configure"
        onClick={[Function]}
      >
        <svg
          className="sc-jTzLTM bTdWCF"
        >
          edit.svg
        </svg>
      </a>
      <div>
         
        <button
          aria-checked={false}
          className="ant-switch ant-switch-small"
          onClick={[Function]}
          onKeyDown={[Function]}
          onMouseEnter={[Function]}
          onMouseLeave={[Function]}
          role="switch"
          type="button"
        >
          <div
            className="ant-switch-handle"
          />
          <span
            className="ant-switch-inner"
          >
            <svg
              className="sc-kAzzGY fUTkYj"
            >
              eye-invisible.svg
            </svg>
          </span>
        </button>
      </div>
    </div>
    <div
      className="sc-hzDkRC kfpqXQ"
    >
      <span
        className="sc-kjoXOD fEWcWg"
      >
         
        0
         
        XEC
         
      </span>
    </div>
  </div>,
  <div
    className="sc-gipzik cfOthW"
  >
    <div
      className="sc-gisBJw hfDtmk"
    >
      <h3>
        Create a Token
      </h3>
    </div>
    <p
      className="sc-dVhcbM bLsPkn"
    >
      You need at least
       
      5.5
       
      XEC
       (
      $
      NaN
       
      USD
      ) to create a token
    </p>
  </div>,
]
`;
