// Jest Snapshot v1, https://goo.gl/fbAQLP

exports[`Wallet with BCH balances and tokens 1`] = `
<div
  className="sc-kEYyzF gZfJyA"
>
  <div
    className="sc-uJMKN fnBvxX"
  >
    <h2>
      <span
        aria-label="copy"
        className="anticon anticon-copy sc-bwzfXH gJwWNq"
        role="img"
      >
        <svg
          aria-hidden="true"
          data-icon="copy"
          fill="currentColor"
          focusable="false"
          height="1em"
          viewBox="64 64 896 896"
          width="1em"
        >
          <path
            d="M832 64H296c-4.4 0-8 3.6-8 8v56c0 4.4 3.6 8 8 8h496v688c0 4.4 3.6 8 8 8h56c4.4 0 8-3.6 8-8V96c0-17.7-14.3-32-32-32zM704 192H192c-17.7 0-32 14.3-32 32v530.7c0 8.5 3.4 16.6 9.4 22.6l173.3 173.3c2.2 2.2 4.7 4 7.4 5.5v1.9h4.2c3.5 1.3 7.2 2 11 2H704c17.7 0 32-14.3 32-32V224c0-17.7-14.3-32-32-32zM350 856.2L263.9 770H350v86.2zM664 888H414V746c0-22.1-17.9-40-40-40H232V264h432v624z"
          />
        </svg>
      </span>
       Backup your wallet
    </h2>
    <div
      className="ant-alert ant-alert-warning ant-alert-with-description"
      data-show={true}
      role="alert"
      style={
        Object {
          "marginBottom": "12px",
        }
      }
    >
      <span
        aria-label="exclamation-circle"
        className="anticon anticon-exclamation-circle ant-alert-icon"
        role="img"
      >
        <svg
          aria-hidden="true"
          data-icon="exclamation-circle"
          fill="currentColor"
          focusable="false"
          height="1em"
          viewBox="64 64 896 896"
          width="1em"
        >
          <path
            d="M512 64C264.6 64 64 264.6 64 512s200.6 448 448 448 448-200.6 448-448S759.4 64 512 64zm0 820c-205.4 0-372-166.6-372-372s166.6-372 372-372 372 166.6 372 372-166.6 372-372 372z"
          />
          <path
            d="M464 688a48 48 0 1096 0 48 48 0 10-96 0zm24-112h48c4.4 0 8-3.6 8-8V296c0-4.4-3.6-8-8-8h-48c-4.4 0-8 3.6-8 8v272c0 4.4 3.6 8 8 8z"
          />
        </svg>
      </span>
      <div
        className="ant-alert-content"
      >
        <div
          className="ant-alert-description"
        >
          Your seed phrase is the only way to restore your wallet. Write it down. Keep it safe.
        </div>
      </div>
    </div>
    <div
      className="sc-bbmXgH cQnDDW"
    />
    <h2>
      <span
        aria-label="wallet"
        className="anticon anticon-wallet sc-bxivhb iBBRHU"
        role="img"
      >
        <svg
          aria-hidden="true"
          data-icon="wallet"
          fill="currentColor"
          focusable="false"
          height="1em"
          viewBox="64 64 896 896"
          width="1em"
        >
          <path
            d="M880 112H144c-17.7 0-32 14.3-32 32v736c0 17.7 14.3 32 32 32h736c17.7 0 32-14.3 32-32V144c0-17.7-14.3-32-32-32zm-40 464H528V448h312v128zm0 264H184V184h656v200H496c-17.7 0-32 14.3-32 32v192c0 17.7 14.3 32 32 32h344v200zM580 512a40 40 0 1080 0 40 40 0 10-80 0z"
          />
        </svg>
      </span>
       Manage Wallets
    </h2>
    <button
      className="sc-fAjcbJ cYOTVm"
      onClick={[Function]}
    >
      <span
        aria-label="plus-square"
        className="anticon anticon-plus-square"
        role="img"
      >
        <svg
          aria-hidden="true"
          data-icon="plus-square"
          fill="currentColor"
          focusable="false"
          height="1em"
          viewBox="64 64 896 896"
          width="1em"
        >
          <path
            d="M328 544h152v152c0 4.4 3.6 8 8 8h48c4.4 0 8-3.6 8-8V544h152c4.4 0 8-3.6 8-8v-48c0-4.4-3.6-8-8-8H544V328c0-4.4-3.6-8-8-8h-48c-4.4 0-8 3.6-8 8v152H328c-4.4 0-8 3.6-8 8v48c0 4.4 3.6 8 8 8z"
          />
          <path
            d="M880 112H144c-17.7 0-32 14.3-32 32v736c0 17.7 14.3 32 32 32h736c17.7 0 32-14.3 32-32V144c0-17.7-14.3-32-32-32zm-40 728H184V184h656v656z"
          />
        </svg>
      </span>
       New Wallet
    </button>
    <button
      className="sc-caSCKo bhoqTa"
      onClick={[Function]}
    >
      <span
        aria-label="import"
        className="anticon anticon-import"
        role="img"
      >
        <svg
          aria-hidden="true"
          data-icon="import"
          fill="currentColor"
          focusable="false"
          height="1em"
          viewBox="64 64 896 896"
          width="1em"
        >
          <path
            d="M888.3 757.4h-53.8c-4.2 0-7.7 3.5-7.7 7.7v61.8H197.1V197.1h629.8v61.8c0 4.2 3.5 7.7 7.7 7.7h53.8c4.2 0 7.7-3.4 7.7-7.7V158.7c0-17-13.7-30.7-30.7-30.7H158.7c-17 0-30.7 13.7-30.7 30.7v706.6c0 17 13.7 30.7 30.7 30.7h706.6c17 0 30.7-13.7 30.7-30.7V765.1c0-4.3-3.5-7.7-7.7-7.7zM902 476H588v-76c0-6.7-7.8-10.5-13-6.3l-141.9 112a8 8 0 000 12.6l141.9 112c5.3 4.2 13 .4 13-6.3v-76h314c4.4 0 8-3.6 8-8v-56c0-4.4-3.6-8-8-8z"
          />
        </svg>
      </span>
       Import Wallet
    </button>
    <div
      className="ant-row"
      style={Object {}}
      type="flex"
    >
      <div
        className="ant-col ant-col-24"
        style={Object {}}
      >
        <div
          className="ant-collapse ant-collapse-icon-position-start sc-iRbamj bmUgOm"
          role={null}
          style={
            Object {
              "marginBottom": "24px",
            }
          }
        >
          <div
            className="ant-collapse-item"
          >
            <div
              aria-disabled={false}
              aria-expanded={false}
              className="ant-collapse-header"
              onClick={[Function]}
              onKeyPress={[Function]}
              role="button"
              tabIndex={0}
            >
              <div
                className="ant-collapse-expand-icon"
                onClick={null}
              >
                <span
                  aria-label="right"
                  className="anticon anticon-right ant-collapse-arrow"
                  role="img"
                >
                  <svg
                    aria-hidden="true"
                    data-icon="right"
                    fill="currentColor"
                    focusable="false"
                    height="1em"
                    viewBox="64 64 896 896"
                    width="1em"
                  >
                    <path
                      d="M765.7 486.8L314.9 134.7A7.97 7.97 0 00302 141v77.3c0 4.9 2.3 9.6 6.1 12.6l360 281.1-360 281.1c-3.9 3-6.1 7.7-6.1 12.6V883c0 6.7 7.7 10.4 12.9 6.3l450.8-352.1a31.96 31.96 0 000-50.4z"
                    />
                  </svg>
                </span>
              </div>
              <span
                className="ant-collapse-header-text"
                onClick={null}
              >
                Contact List
              </span>
            </div>
          </div>
        </div>
      </div>
    </div>
    <div
      className="sc-bbmXgH cQnDDW"
    />
    <h2>
      <span
        aria-label="dollar"
        className="anticon anticon-dollar sc-htpNat lgbLiL"
        role="img"
      >
        <svg
          aria-hidden="true"
          data-icon="dollar"
          fill="currentColor"
          focusable="false"
          height="1em"
          viewBox="64 64 896 896"
          width="1em"
        >
          <path
            d="M512 64C264.6 64 64 264.6 64 512s200.6 448 448 448 448-200.6 448-448S759.4 64 512 64zm0 820c-205.4 0-372-166.6-372-372s166.6-372 372-372 372 166.6 372 372-166.6 372-372 372zm47.7-395.2l-25.4-5.9V348.6c38 5.2 61.5 29 65.5 58.2.5 4 3.9 6.9 7.9 6.9h44.9c4.7 0 8.4-4.1 8-8.8-6.1-62.3-57.4-102.3-125.9-109.2V263c0-4.4-3.6-8-8-8h-28.1c-4.4 0-8 3.6-8 8v33c-70.8 6.9-126.2 46-126.2 119 0 67.6 49.8 100.2 102.1 112.7l24.7 6.3v142.7c-44.2-5.9-69-29.5-74.1-61.3-.6-3.8-4-6.6-7.9-6.6H363c-4.7 0-8.4 4-8 8.7 4.5 55 46.2 105.6 135.2 112.1V761c0 4.4 3.6 8 8 8h28.4c4.4 0 8-3.6 8-8.1l-.2-31.7c78.3-6.9 134.3-48.8 134.3-124-.1-69.4-44.2-100.4-109-116.4zm-68.6-16.2c-5.6-1.6-10.3-3.1-15-5-33.8-12.2-49.5-31.9-49.5-57.3 0-36.3 27.5-57 64.5-61.7v124zM534.3 677V543.3c3.1.9 5.9 1.6 8.8 2.2 47.3 14.4 63.2 34.4 63.2 65.1 0 39.1-29.4 62.6-72 66.4z"
          />
        </svg>
      </span>
       Fiat Currency
    </h2>
    <div
      className="sc-fBuWsC iCHega"
    >
      <div
        className="ant-select select-after ant-select-single ant-select-show-arrow"
        onBlur={[Function]}
        onFocus={[Function]}
        onKeyDown={[Function]}
        onKeyUp={[Function]}
        onMouseDown={[Function]}
        style={
          Object {
            "width": "100%",
          }
        }
      >
        <div
          className="ant-select-selector"
          onClick={[Function]}
          onMouseDown={[Function]}
        >
          <span
            className="ant-select-selection-search"
          >
            <input
              aria-activedescendant="rc_select_TEST_OR_SSR_list_0"
              aria-autocomplete="list"
              aria-controls="rc_select_TEST_OR_SSR_list"
              aria-haspopup="listbox"
              aria-owns="rc_select_TEST_OR_SSR_list"
              autoComplete="off"
              className="ant-select-selection-search-input"
              disabled={false}
              id="rc_select_TEST_OR_SSR"
              onChange={[Function]}
              onCompositionEnd={[Function]}
              onCompositionStart={[Function]}
              onKeyDown={[Function]}
              onMouseDown={[Function]}
              onPaste={[Function]}
              readOnly={true}
              role="combobox"
              style={
                Object {
                  "opacity": 0,
                }
              }
              type="search"
              unselectable="on"
              value=""
            />
          </span>
          <span
            className="ant-select-selection-item"
            title="US Dollar ($)"
          >
            US Dollar ($)
          </span>
        </div>
        <span
          aria-hidden={true}
          className="ant-select-arrow"
          onMouseDown={[Function]}
          style={
            Object {
              "WebkitUserSelect": "none",
              "userSelect": "none",
            }
          }
          unselectable="on"
        >
          <span
            aria-label="down"
            className="anticon anticon-down ant-select-suffix"
            role="img"
          >
            <svg
              aria-hidden="true"
              data-icon="down"
              fill="currentColor"
              focusable="false"
              height="1em"
              viewBox="64 64 896 896"
              width="1em"
            >
              <path
                d="M884 256h-75c-5.1 0-9.9 2.5-12.9 6.6L512 654.2 227.9 262.6c-3-4.1-7.8-6.6-12.9-6.6h-75c-6.5 0-10.3 7.4-6.5 12.7l352.6 486.1c12.8 17.6 39 17.6 51.7 0l352.6-486.1c3.9-5.3.1-12.7-6.4-12.7z"
              />
            </svg>
          </span>
        </span>
      </div>
    </div>
    <div
      className="sc-bbmXgH cQnDDW"
    />
    <h2>
      <span
        aria-label="setting"
        className="anticon anticon-setting sc-EHOje fuKjcV"
        role="img"
      >
        <svg
          aria-hidden="true"
          data-icon="setting"
          fill="currentColor"
          focusable="false"
          height="1em"
          viewBox="64 64 896 896"
          width="1em"
        >
          <path
            d="M924.8 625.7l-65.5-56c3.1-19 4.7-38.4 4.7-57.8s-1.6-38.8-4.7-57.8l65.5-56a32.03 32.03 0 009.3-35.2l-.9-2.6a443.74 443.74 0 00-79.7-137.9l-1.8-2.1a32.12 32.12 0 00-35.1-9.5l-81.3 28.9c-30-24.6-63.5-44-99.7-57.6l-15.7-85a32.05 32.05 0 00-25.8-25.7l-2.7-.5c-52.1-9.4-106.9-9.4-159 0l-2.7.5a32.05 32.05 0 00-25.8 25.7l-15.8 85.4a351.86 351.86 0 00-99 57.4l-81.9-29.1a32 32 0 00-35.1 9.5l-1.8 2.1a446.02 446.02 0 00-79.7 137.9l-.9 2.6c-4.5 12.5-.8 26.5 9.3 35.2l66.3 56.6c-3.1 18.8-4.6 38-4.6 57.1 0 19.2 1.5 38.4 4.6 57.1L99 625.5a32.03 32.03 0 00-9.3 35.2l.9 2.6c18.1 50.4 44.9 96.9 79.7 137.9l1.8 2.1a32.12 32.12 0 0035.1 9.5l81.9-29.1c29.8 24.5 63.1 43.9 99 57.4l15.8 85.4a32.05 32.05 0 0025.8 25.7l2.7.5a449.4 449.4 0 00159 0l2.7-.5a32.05 32.05 0 0025.8-25.7l15.7-85a350 350 0 0099.7-57.6l81.3 28.9a32 32 0 0035.1-9.5l1.8-2.1c34.8-41.1 61.6-87.5 79.7-137.9l.9-2.6c4.5-12.3.8-26.3-9.3-35zM788.3 465.9c2.5 15.1 3.8 30.6 3.8 46.1s-1.3 31-3.8 46.1l-6.6 40.1 74.7 63.9a370.03 370.03 0 01-42.6 73.6L721 702.8l-31.4 25.8c-23.9 19.6-50.5 35-79.3 45.8l-38.1 14.3-17.9 97a377.5 377.5 0 01-85 0l-17.9-97.2-37.8-14.5c-28.5-10.8-55-26.2-78.7-45.7l-31.4-25.9-93.4 33.2c-17-22.9-31.2-47.6-42.6-73.6l75.5-64.5-6.5-40c-2.4-14.9-3.7-30.3-3.7-45.5 0-15.3 1.2-30.6 3.7-45.5l6.5-40-75.5-64.5c11.3-26.1 25.6-50.7 42.6-73.6l93.4 33.2 31.4-25.9c23.7-19.5 50.2-34.9 78.7-45.7l37.9-14.3 17.9-97.2c28.1-3.2 56.8-3.2 85 0l17.9 97 38.1 14.3c28.7 10.8 55.4 26.2 79.3 45.8l31.4 25.8 92.8-32.9c17 22.9 31.2 47.6 42.6 73.6L781.8 426l6.5 39.9zM512 326c-97.2 0-176 78.8-176 176s78.8 176 176 176 176-78.8 176-176-78.8-176-176-176zm79.2 255.2A111.6 111.6 0 01512 614c-29.9 0-58-11.7-79.2-32.8A111.6 111.6 0 01400 502c0-29.9 11.7-58 32.8-79.2C454 401.6 482.1 390 512 390c29.9 0 58 11.6 79.2 32.8A111.6 111.6 0 01624 502c0 29.9-11.7 58-32.8 79.2z"
          />
        </svg>
      </span>
       General Settings
    </h2>
    <div
      className="sc-fYxtnH PqgPh"
    >
      <div
        className="SendConfirm"
      >
        <span
          aria-label="lock"
          className="anticon anticon-lock"
          role="img"
        >
          <svg
            aria-hidden="true"
            data-icon="lock"
            fill="currentColor"
            focusable="false"
            height="1em"
            viewBox="64 64 896 896"
            width="1em"
          >
            <path
              d="M832 464h-68V240c0-70.7-57.3-128-128-128H388c-70.7 0-128 57.3-128 128v224h-68c-17.7 0-32 14.3-32 32v384c0 17.7 14.3 32 32 32h640c17.7 0 32-14.3 32-32V496c0-17.7-14.3-32-32-32zM540 701v53c0 4.4-3.6 8-8 8h-40c-4.4 0-8-3.6-8-8v-53a48.01 48.01 0 1156 0zm152-237H332V240c0-30.9 25.1-56 56-56h248c30.9 0 56 25.1 56 56v224z"
            />
          </svg>
        </span>
         Send Confirmations
      </div>
      <button
        aria-checked={false}
        className="ant-switch ant-switch-small"
        onClick={[Function]}
        onKeyDown={[Function]}
        role="switch"
        type="button"
      >
        <div
          className="ant-switch-handle"
        />
        <span
          className="ant-switch-inner"
        >
          <span
            aria-label="close"
            className="anticon anticon-close"
            role="img"
          >
            <svg
              aria-hidden="true"
              data-icon="close"
              fill="currentColor"
              focusable="false"
              height="1em"
              viewBox="64 64 896 896"
              width="1em"
            >
              <path
                d="M563.8 512l262.5-312.9c4.4-5.2.7-13.1-6.1-13.1h-79.8c-4.7 0-9.2 2.1-12.3 5.7L511.6 449.8 295.1 191.7c-3-3.6-7.5-5.7-12.3-5.7H203c-6.8 0-10.5 7.9-6.1 13.1L459.4 512 196.9 824.9A7.95 7.95 0 00203 838h79.8c4.7 0 9.2-2.1 12.3-5.7l216.5-258.1 216.5 258.1c3 3.6 7.5 5.7 12.3 5.7h79.8c6.8 0 10.5-7.9 6.1-13.1L563.8 512z"
              />
            </svg>
          </span>
        </span>
      </button>
    </div>
    <div
      className="sc-fYxtnH PqgPh"
    >
      <div
        className="ShowMessages"
      >
        <span
          aria-label="lock"
          className="anticon anticon-lock"
          role="img"
        >
          <svg
            aria-hidden="true"
            data-icon="lock"
            fill="currentColor"
            focusable="false"
            height="1em"
            viewBox="64 64 896 896"
            width="1em"
          >
            <path
              d="M832 464h-68V240c0-70.7-57.3-128-128-128H388c-70.7 0-128 57.3-128 128v224h-68c-17.7 0-32 14.3-32 32v384c0 17.7 14.3 32 32 32h640c17.7 0 32-14.3 32-32V496c0-17.7-14.3-32-32-32zM540 701v53c0 4.4-3.6 8-8 8h-40c-4.4 0-8-3.6-8-8v-53a48.01 48.01 0 1156 0zm152-237H332V240c0-30.9 25.1-56 56-56h248c30.9 0 56 25.1 56 56v224z"
            />
          </svg>
        </span>
         Hide messages from unknown sender
      </div>
      <button
        aria-checked={false}
        className="ant-switch ant-switch-small"
        onClick={[Function]}
        onKeyDown={[Function]}
        role="switch"
        type="button"
      >
        <div
          className="ant-switch-handle"
        />
        <span
          className="ant-switch-inner"
        >
          <span
            aria-label="close"
            className="anticon anticon-close"
            role="img"
          >
            <svg
              aria-hidden="true"
              data-icon="close"
              fill="currentColor"
              focusable="false"
              height="1em"
              viewBox="64 64 896 896"
              width="1em"
            >
              <path
                d="M563.8 512l262.5-312.9c4.4-5.2.7-13.1-6.1-13.1h-79.8c-4.7 0-9.2 2.1-12.3 5.7L511.6 449.8 295.1 191.7c-3-3.6-7.5-5.7-12.3-5.7H203c-6.8 0-10.5 7.9-6.1 13.1L459.4 512 196.9 824.9A7.95 7.95 0 00203 838h79.8c4.7 0 9.2-2.1 12.3-5.7l216.5-258.1 216.5 258.1c3 3.6 7.5 5.7 12.3 5.7h79.8c6.8 0 10.5-7.9 6.1-13.1L563.8 512z"
              />
            </svg>
          </span>
        </span>
      </button>
    </div>
  </div>
</div>
`;

exports[`Without wallet defined 1`] = `
<div
  className="sc-kEYyzF gZfJyA"
>
  <div
    className="sc-uJMKN fnBvxX"
  >
    <h2>
      <span
        aria-label="copy"
        className="anticon anticon-copy sc-bwzfXH gJwWNq"
        role="img"
      >
        <svg
          aria-hidden="true"
          data-icon="copy"
          fill="currentColor"
          focusable="false"
          height="1em"
          viewBox="64 64 896 896"
          width="1em"
        >
          <path
            d="M832 64H296c-4.4 0-8 3.6-8 8v56c0 4.4 3.6 8 8 8h496v688c0 4.4 3.6 8 8 8h56c4.4 0 8-3.6 8-8V96c0-17.7-14.3-32-32-32zM704 192H192c-17.7 0-32 14.3-32 32v530.7c0 8.5 3.4 16.6 9.4 22.6l173.3 173.3c2.2 2.2 4.7 4 7.4 5.5v1.9h4.2c3.5 1.3 7.2 2 11 2H704c17.7 0 32-14.3 32-32V224c0-17.7-14.3-32-32-32zM350 856.2L263.9 770H350v86.2zM664 888H414V746c0-22.1-17.9-40-40-40H232V264h432v624z"
          />
        </svg>
      </span>
       Backup your wallet
    </h2>
    <div
      className="ant-alert ant-alert-warning ant-alert-with-description"
      data-show={true}
      role="alert"
      style={
        Object {
          "marginBottom": "12px",
        }
      }
    >
      <span
        aria-label="exclamation-circle"
        className="anticon anticon-exclamation-circle ant-alert-icon"
        role="img"
      >
        <svg
          aria-hidden="true"
          data-icon="exclamation-circle"
          fill="currentColor"
          focusable="false"
          height="1em"
          viewBox="64 64 896 896"
          width="1em"
        >
          <path
            d="M512 64C264.6 64 64 264.6 64 512s200.6 448 448 448 448-200.6 448-448S759.4 64 512 64zm0 820c-205.4 0-372-166.6-372-372s166.6-372 372-372 372 166.6 372 372-166.6 372-372 372z"
          />
          <path
            d="M464 688a48 48 0 1096 0 48 48 0 10-96 0zm24-112h48c4.4 0 8-3.6 8-8V296c0-4.4-3.6-8-8-8h-48c-4.4 0-8 3.6-8 8v272c0 4.4 3.6 8 8 8z"
          />
        </svg>
      </span>
      <div
        className="ant-alert-content"
      >
        <div
          className="ant-alert-description"
        >
          Your seed phrase is the only way to restore your wallet. Write it down. Keep it safe.
        </div>
      </div>
    </div>
    <div
      className="sc-bbmXgH cQnDDW"
    />
    <h2>
      <span
        aria-label="wallet"
        className="anticon anticon-wallet sc-bxivhb iBBRHU"
        role="img"
      >
        <svg
          aria-hidden="true"
          data-icon="wallet"
          fill="currentColor"
          focusable="false"
          height="1em"
          viewBox="64 64 896 896"
          width="1em"
        >
          <path
            d="M880 112H144c-17.7 0-32 14.3-32 32v736c0 17.7 14.3 32 32 32h736c17.7 0 32-14.3 32-32V144c0-17.7-14.3-32-32-32zm-40 464H528V448h312v128zm0 264H184V184h656v200H496c-17.7 0-32 14.3-32 32v192c0 17.7 14.3 32 32 32h344v200zM580 512a40 40 0 1080 0 40 40 0 10-80 0z"
          />
        </svg>
      </span>
       Manage Wallets
    </h2>
    <button
      className="sc-fAjcbJ cYOTVm"
      onClick={[Function]}
    >
      <span
        aria-label="plus-square"
        className="anticon anticon-plus-square"
        role="img"
      >
        <svg
          aria-hidden="true"
          data-icon="plus-square"
          fill="currentColor"
          focusable="false"
          height="1em"
          viewBox="64 64 896 896"
          width="1em"
        >
          <path
            d="M328 544h152v152c0 4.4 3.6 8 8 8h48c4.4 0 8-3.6 8-8V544h152c4.4 0 8-3.6 8-8v-48c0-4.4-3.6-8-8-8H544V328c0-4.4-3.6-8-8-8h-48c-4.4 0-8 3.6-8 8v152H328c-4.4 0-8 3.6-8 8v48c0 4.4 3.6 8 8 8z"
          />
          <path
            d="M880 112H144c-17.7 0-32 14.3-32 32v736c0 17.7 14.3 32 32 32h736c17.7 0 32-14.3 32-32V144c0-17.7-14.3-32-32-32zm-40 728H184V184h656v656z"
          />
        </svg>
      </span>
       New Wallet
    </button>
    <button
      className="sc-caSCKo bhoqTa"
      onClick={[Function]}
    >
      <span
        aria-label="import"
        className="anticon anticon-import"
        role="img"
      >
        <svg
          aria-hidden="true"
          data-icon="import"
          fill="currentColor"
          focusable="false"
          height="1em"
          viewBox="64 64 896 896"
          width="1em"
        >
          <path
            d="M888.3 757.4h-53.8c-4.2 0-7.7 3.5-7.7 7.7v61.8H197.1V197.1h629.8v61.8c0 4.2 3.5 7.7 7.7 7.7h53.8c4.2 0 7.7-3.4 7.7-7.7V158.7c0-17-13.7-30.7-30.7-30.7H158.7c-17 0-30.7 13.7-30.7 30.7v706.6c0 17 13.7 30.7 30.7 30.7h706.6c17 0 30.7-13.7 30.7-30.7V765.1c0-4.3-3.5-7.7-7.7-7.7zM902 476H588v-76c0-6.7-7.8-10.5-13-6.3l-141.9 112a8 8 0 000 12.6l141.9 112c5.3 4.2 13 .4 13-6.3v-76h314c4.4 0 8-3.6 8-8v-56c0-4.4-3.6-8-8-8z"
          />
        </svg>
      </span>
       Import Wallet
    </button>
    <div
      className="ant-row"
      style={Object {}}
      type="flex"
    >
      <div
        className="ant-col ant-col-24"
        style={Object {}}
      >
        <div
          className="ant-collapse ant-collapse-icon-position-start sc-iRbamj bmUgOm"
          role={null}
          style={
            Object {
              "marginBottom": "24px",
            }
          }
        >
          <div
            className="ant-collapse-item"
          >
            <div
              aria-disabled={false}
              aria-expanded={false}
              className="ant-collapse-header"
              onClick={[Function]}
              onKeyPress={[Function]}
              role="button"
              tabIndex={0}
            >
              <div
                className="ant-collapse-expand-icon"
                onClick={null}
              >
                <span
                  aria-label="right"
                  className="anticon anticon-right ant-collapse-arrow"
                  role="img"
                >
                  <svg
                    aria-hidden="true"
                    data-icon="right"
                    fill="currentColor"
                    focusable="false"
                    height="1em"
                    viewBox="64 64 896 896"
                    width="1em"
                  >
                    <path
                      d="M765.7 486.8L314.9 134.7A7.97 7.97 0 00302 141v77.3c0 4.9 2.3 9.6 6.1 12.6l360 281.1-360 281.1c-3.9 3-6.1 7.7-6.1 12.6V883c0 6.7 7.7 10.4 12.9 6.3l450.8-352.1a31.96 31.96 0 000-50.4z"
                    />
                  </svg>
                </span>
              </div>
              <span
                className="ant-collapse-header-text"
                onClick={null}
              >
                Contact List
              </span>
            </div>
          </div>
        </div>
      </div>
    </div>
    <div
      className="sc-bbmXgH cQnDDW"
    />
    <h2>
      <span
        aria-label="dollar"
        className="anticon anticon-dollar sc-htpNat lgbLiL"
        role="img"
      >
        <svg
          aria-hidden="true"
          data-icon="dollar"
          fill="currentColor"
          focusable="false"
          height="1em"
          viewBox="64 64 896 896"
          width="1em"
        >
          <path
            d="M512 64C264.6 64 64 264.6 64 512s200.6 448 448 448 448-200.6 448-448S759.4 64 512 64zm0 820c-205.4 0-372-166.6-372-372s166.6-372 372-372 372 166.6 372 372-166.6 372-372 372zm47.7-395.2l-25.4-5.9V348.6c38 5.2 61.5 29 65.5 58.2.5 4 3.9 6.9 7.9 6.9h44.9c4.7 0 8.4-4.1 8-8.8-6.1-62.3-57.4-102.3-125.9-109.2V263c0-4.4-3.6-8-8-8h-28.1c-4.4 0-8 3.6-8 8v33c-70.8 6.9-126.2 46-126.2 119 0 67.6 49.8 100.2 102.1 112.7l24.7 6.3v142.7c-44.2-5.9-69-29.5-74.1-61.3-.6-3.8-4-6.6-7.9-6.6H363c-4.7 0-8.4 4-8 8.7 4.5 55 46.2 105.6 135.2 112.1V761c0 4.4 3.6 8 8 8h28.4c4.4 0 8-3.6 8-8.1l-.2-31.7c78.3-6.9 134.3-48.8 134.3-124-.1-69.4-44.2-100.4-109-116.4zm-68.6-16.2c-5.6-1.6-10.3-3.1-15-5-33.8-12.2-49.5-31.9-49.5-57.3 0-36.3 27.5-57 64.5-61.7v124zM534.3 677V543.3c3.1.9 5.9 1.6 8.8 2.2 47.3 14.4 63.2 34.4 63.2 65.1 0 39.1-29.4 62.6-72 66.4z"
          />
        </svg>
      </span>
       Fiat Currency
    </h2>
    <div
      className="sc-fBuWsC iCHega"
    >
      <div
        className="ant-select select-after ant-select-single ant-select-show-arrow"
        onBlur={[Function]}
        onFocus={[Function]}
        onKeyDown={[Function]}
        onKeyUp={[Function]}
        onMouseDown={[Function]}
        style={
          Object {
            "width": "100%",
          }
        }
      >
        <div
          className="ant-select-selector"
          onClick={[Function]}
          onMouseDown={[Function]}
        >
          <span
            className="ant-select-selection-search"
          >
            <input
              aria-activedescendant="rc_select_TEST_OR_SSR_list_0"
              aria-autocomplete="list"
              aria-controls="rc_select_TEST_OR_SSR_list"
              aria-haspopup="listbox"
              aria-owns="rc_select_TEST_OR_SSR_list"
              autoComplete="off"
              className="ant-select-selection-search-input"
              disabled={false}
              id="rc_select_TEST_OR_SSR"
              onChange={[Function]}
              onCompositionEnd={[Function]}
              onCompositionStart={[Function]}
              onKeyDown={[Function]}
              onMouseDown={[Function]}
              onPaste={[Function]}
              readOnly={true}
              role="combobox"
              style={
                Object {
                  "opacity": 0,
                }
              }
              type="search"
              unselectable="on"
              value=""
            />
          </span>
          <span
            className="ant-select-selection-item"
            title="US Dollar ($)"
          >
            US Dollar ($)
          </span>
        </div>
        <span
          aria-hidden={true}
          className="ant-select-arrow"
          onMouseDown={[Function]}
          style={
            Object {
              "WebkitUserSelect": "none",
              "userSelect": "none",
            }
          }
          unselectable="on"
        >
          <span
            aria-label="down"
            className="anticon anticon-down ant-select-suffix"
            role="img"
          >
            <svg
              aria-hidden="true"
              data-icon="down"
              fill="currentColor"
              focusable="false"
              height="1em"
              viewBox="64 64 896 896"
              width="1em"
            >
              <path
                d="M884 256h-75c-5.1 0-9.9 2.5-12.9 6.6L512 654.2 227.9 262.6c-3-4.1-7.8-6.6-12.9-6.6h-75c-6.5 0-10.3 7.4-6.5 12.7l352.6 486.1c12.8 17.6 39 17.6 51.7 0l352.6-486.1c3.9-5.3.1-12.7-6.4-12.7z"
              />
            </svg>
          </span>
        </span>
      </div>
    </div>
    <div
      className="sc-bbmXgH cQnDDW"
    />
    <h2>
      <span
        aria-label="setting"
        className="anticon anticon-setting sc-EHOje fuKjcV"
        role="img"
      >
        <svg
          aria-hidden="true"
          data-icon="setting"
          fill="currentColor"
          focusable="false"
          height="1em"
          viewBox="64 64 896 896"
          width="1em"
        >
          <path
            d="M924.8 625.7l-65.5-56c3.1-19 4.7-38.4 4.7-57.8s-1.6-38.8-4.7-57.8l65.5-56a32.03 32.03 0 009.3-35.2l-.9-2.6a443.74 443.74 0 00-79.7-137.9l-1.8-2.1a32.12 32.12 0 00-35.1-9.5l-81.3 28.9c-30-24.6-63.5-44-99.7-57.6l-15.7-85a32.05 32.05 0 00-25.8-25.7l-2.7-.5c-52.1-9.4-106.9-9.4-159 0l-2.7.5a32.05 32.05 0 00-25.8 25.7l-15.8 85.4a351.86 351.86 0 00-99 57.4l-81.9-29.1a32 32 0 00-35.1 9.5l-1.8 2.1a446.02 446.02 0 00-79.7 137.9l-.9 2.6c-4.5 12.5-.8 26.5 9.3 35.2l66.3 56.6c-3.1 18.8-4.6 38-4.6 57.1 0 19.2 1.5 38.4 4.6 57.1L99 625.5a32.03 32.03 0 00-9.3 35.2l.9 2.6c18.1 50.4 44.9 96.9 79.7 137.9l1.8 2.1a32.12 32.12 0 0035.1 9.5l81.9-29.1c29.8 24.5 63.1 43.9 99 57.4l15.8 85.4a32.05 32.05 0 0025.8 25.7l2.7.5a449.4 449.4 0 00159 0l2.7-.5a32.05 32.05 0 0025.8-25.7l15.7-85a350 350 0 0099.7-57.6l81.3 28.9a32 32 0 0035.1-9.5l1.8-2.1c34.8-41.1 61.6-87.5 79.7-137.9l.9-2.6c4.5-12.3.8-26.3-9.3-35zM788.3 465.9c2.5 15.1 3.8 30.6 3.8 46.1s-1.3 31-3.8 46.1l-6.6 40.1 74.7 63.9a370.03 370.03 0 01-42.6 73.6L721 702.8l-31.4 25.8c-23.9 19.6-50.5 35-79.3 45.8l-38.1 14.3-17.9 97a377.5 377.5 0 01-85 0l-17.9-97.2-37.8-14.5c-28.5-10.8-55-26.2-78.7-45.7l-31.4-25.9-93.4 33.2c-17-22.9-31.2-47.6-42.6-73.6l75.5-64.5-6.5-40c-2.4-14.9-3.7-30.3-3.7-45.5 0-15.3 1.2-30.6 3.7-45.5l6.5-40-75.5-64.5c11.3-26.1 25.6-50.7 42.6-73.6l93.4 33.2 31.4-25.9c23.7-19.5 50.2-34.9 78.7-45.7l37.9-14.3 17.9-97.2c28.1-3.2 56.8-3.2 85 0l17.9 97 38.1 14.3c28.7 10.8 55.4 26.2 79.3 45.8l31.4 25.8 92.8-32.9c17 22.9 31.2 47.6 42.6 73.6L781.8 426l6.5 39.9zM512 326c-97.2 0-176 78.8-176 176s78.8 176 176 176 176-78.8 176-176-78.8-176-176-176zm79.2 255.2A111.6 111.6 0 01512 614c-29.9 0-58-11.7-79.2-32.8A111.6 111.6 0 01400 502c0-29.9 11.7-58 32.8-79.2C454 401.6 482.1 390 512 390c29.9 0 58 11.6 79.2 32.8A111.6 111.6 0 01624 502c0 29.9-11.7 58-32.8 79.2z"
          />
        </svg>
      </span>
       General Settings
    </h2>
    <div
      className="sc-fYxtnH PqgPh"
    >
      <div
        className="SendConfirm"
      >
        <span
          aria-label="lock"
          className="anticon anticon-lock"
          role="img"
        >
          <svg
            aria-hidden="true"
            data-icon="lock"
            fill="currentColor"
            focusable="false"
            height="1em"
            viewBox="64 64 896 896"
            width="1em"
          >
            <path
              d="M832 464h-68V240c0-70.7-57.3-128-128-128H388c-70.7 0-128 57.3-128 128v224h-68c-17.7 0-32 14.3-32 32v384c0 17.7 14.3 32 32 32h640c17.7 0 32-14.3 32-32V496c0-17.7-14.3-32-32-32zM540 701v53c0 4.4-3.6 8-8 8h-40c-4.4 0-8-3.6-8-8v-53a48.01 48.01 0 1156 0zm152-237H332V240c0-30.9 25.1-56 56-56h248c30.9 0 56 25.1 56 56v224z"
            />
          </svg>
        </span>
         Send Confirmations
      </div>
      <button
        aria-checked={false}
        className="ant-switch ant-switch-small"
        onClick={[Function]}
        onKeyDown={[Function]}
        role="switch"
        type="button"
      >
        <div
          className="ant-switch-handle"
        />
        <span
          className="ant-switch-inner"
        >
          <span
            aria-label="close"
            className="anticon anticon-close"
            role="img"
          >
            <svg
              aria-hidden="true"
              data-icon="close"
              fill="currentColor"
              focusable="false"
              height="1em"
              viewBox="64 64 896 896"
              width="1em"
            >
              <path
                d="M563.8 512l262.5-312.9c4.4-5.2.7-13.1-6.1-13.1h-79.8c-4.7 0-9.2 2.1-12.3 5.7L511.6 449.8 295.1 191.7c-3-3.6-7.5-5.7-12.3-5.7H203c-6.8 0-10.5 7.9-6.1 13.1L459.4 512 196.9 824.9A7.95 7.95 0 00203 838h79.8c4.7 0 9.2-2.1 12.3-5.7l216.5-258.1 216.5 258.1c3 3.6 7.5 5.7 12.3 5.7h79.8c6.8 0 10.5-7.9 6.1-13.1L563.8 512z"
              />
            </svg>
          </span>
        </span>
      </button>
    </div>
    <div
      className="sc-fYxtnH PqgPh"
    >
      <div
        className="ShowMessages"
      >
        <span
          aria-label="lock"
          className="anticon anticon-lock"
          role="img"
        >
          <svg
            aria-hidden="true"
            data-icon="lock"
            fill="currentColor"
            focusable="false"
            height="1em"
            viewBox="64 64 896 896"
            width="1em"
          >
            <path
              d="M832 464h-68V240c0-70.7-57.3-128-128-128H388c-70.7 0-128 57.3-128 128v224h-68c-17.7 0-32 14.3-32 32v384c0 17.7 14.3 32 32 32h640c17.7 0 32-14.3 32-32V496c0-17.7-14.3-32-32-32zM540 701v53c0 4.4-3.6 8-8 8h-40c-4.4 0-8-3.6-8-8v-53a48.01 48.01 0 1156 0zm152-237H332V240c0-30.9 25.1-56 56-56h248c30.9 0 56 25.1 56 56v224z"
            />
          </svg>
        </span>
         Hide messages from unknown sender
      </div>
      <button
        aria-checked={false}
        className="ant-switch ant-switch-small"
        onClick={[Function]}
        onKeyDown={[Function]}
        role="switch"
        type="button"
      >
        <div
          className="ant-switch-handle"
        />
        <span
          className="ant-switch-inner"
        >
          <span
            aria-label="close"
            className="anticon anticon-close"
            role="img"
          >
            <svg
              aria-hidden="true"
              data-icon="close"
              fill="currentColor"
              focusable="false"
              height="1em"
              viewBox="64 64 896 896"
              width="1em"
            >
              <path
                d="M563.8 512l262.5-312.9c4.4-5.2.7-13.1-6.1-13.1h-79.8c-4.7 0-9.2 2.1-12.3 5.7L511.6 449.8 295.1 191.7c-3-3.6-7.5-5.7-12.3-5.7H203c-6.8 0-10.5 7.9-6.1 13.1L459.4 512 196.9 824.9A7.95 7.95 0 00203 838h79.8c4.7 0 9.2-2.1 12.3-5.7l216.5-258.1 216.5 258.1c3 3.6 7.5 5.7 12.3 5.7h79.8c6.8 0 10.5-7.9 6.1-13.1L563.8 512z"
              />
            </svg>
          </span>
        </span>
      </button>
    </div>
  </div>
</div>
`;
